// Jest Snapshot v1, https://goo.gl/fbAQLP

exports[`About Page renders correctly 1`] = `
<div>
   
  <div
    className="relative w-screen bg-black overflow-hidden"
  >
    <div
      className="bg-fixed bg-repeat-no bg-cover bg-left-bottom w-screen md:h-[250px] h-[100px] object-cover object-center opacity-70"
      style={
        Object {
          "backgroundImage": "url(meal.jpeg)",
        }
      }
    />
    <div
      className="absolute text-5xl text-white top-1/2 left-1/2 -translate-x-1/2 -translate-y-1/2"
    >
      <h1
        className="md:visible invisible md:text-4xl text-4xl font-medium title-font text-center font-CooperBlack"
      >
        About Us
      </h1>
    </div>
  </div>
  <div
    className="max-w-[1400px] m-auto pt-6 px-4 flex justify-center flex-col items-center text-gray-500"
  >
    <div
      className=" text-center lg:col-span-2 col-span-2 my-10 max-w-[1000px]"
    >
      <h3
        className="text-5xl font-bold"
      >
        The Story of Fat Pig 
      </h3>
      <p
        className="pt-10 text-2xl"
        data-testid="custom-element"
      >
        Fat Pig BBQ was established in 2018 by Bao Truong. Bao has always enjoyed cooking barbeque for his family & friends at his home. Bao later realized that he wanted share his passion to provide great barbeque to everyone in the Greater Seattle Area. Shortly after, Bao left his Civil Engineering job and opened the doors to Fat Pig BBQ in Edmonds.
      </p>
    </div>
    <div
      className="pb-10"
      style={
        Object {
          "margin": "auto",
          "position": "relative",
          "width": "70%",
        }
      }
    >
      <div
        className="slick-slider slick-initialized"
        dir="ltr"
      >
        <button
          className="slick-arrow slick-prev"
          data-role="none"
          onClick={[Function]}
          style={
            Object {
              "display": "block",
            }
          }
          type="button"
        >
           
          Previous
        </button>
        <div
          className="slick-list"
          onClick={[Function]}
          onKeyDown={[Function]}
          onMouseDown={[Function]}
          onMouseLeave={null}
          onMouseMove={null}
          onMouseUp={[Function]}
          onTouchCancel={null}
          onTouchEnd={[Function]}
          onTouchMove={null}
          onTouchStart={[Function]}
          style={Object {}}
        >
          <div
            className="slick-track"
            onMouseEnter={[Function]}
            onMouseLeave={[Function]}
            onMouseOver={[Function]}
            style={
              Object {
                "WebkitTransform": "translate3d(0px, 0px, 0px)",
                "WebkitTransition": "",
                "msTransform": "translateX(0px)",
                "opacity": 1,
                "transform": "translate3d(0px, 0px, 0px)",
                "transition": "",
              }
            }
          >
            <div
              aria-hidden={true}
              className="slick-slide slick-cloned"
              data-index={-1}
              onClick={[Function]}
              style={
                Object {
                  "width": 0,
                }
              }
              tabIndex="-1"
            >
              <div>
                <div
                  style={
                    Object {
                      "display": "inline-block",
                      "width": "100%",
                    }
                  }
                  tabIndex={-1}
                >
                  <img
                    alt="placeholder"
                    src="DSC_7011.jpg"
                    style={
                      Object {
                        "width": "100%",
                      }
                    }
                  />
                </div>
              </div>
            </div>
            <div
              aria-hidden={false}
              className="slick-slide slick-active slick-current"
              data-index={0}
              onClick={[Function]}
              style={
                Object {
                  "outline": "none",
                  "width": 0,
                }
              }
              tabIndex="-1"
            >
              <div>
                <div
                  style={
                    Object {
                      "display": "inline-block",
                      "width": "100%",
                    }
                  }
                  tabIndex={-1}
                >
                  <img
                    alt="placeholder"
                    src="o.jpg"
                    style={
                      Object {
                        "width": "100%",
                      }
                    }
                  />
                </div>
              </div>
            </div>
            <div
              aria-hidden={true}
              className="slick-slide"
              data-index={1}
              onClick={[Function]}
              style={
                Object {
                  "outline": "none",
                  "width": 0,
                }
              }
              tabIndex="-1"
            >
              <div>
                <div
                  style={
                    Object {
                      "display": "inline-block",
                      "width": "100%",
                    }
                  }
                  tabIndex={-1}
                >
                  <img
                    alt="placeholder"
                    src="DSC_7015.jpg"
                    style={
                      Object {
                        "width": "100%",
                      }
                    }
                  />
                </div>
              </div>
            </div>
            <div
              aria-hidden={true}
              className="slick-slide"
              data-index={2}
              onClick={[Function]}
              style={
                Object {
                  "outline": "none",
                  "width": 0,
                }
              }
              tabIndex="-1"
            >
              <div>
                <div
                  style={
                    Object {
                      "display": "inline-block",
                      "width": "100%",
                    }
                  }
                  tabIndex={-1}
                >
                  <img
                    alt="placeholder"
                    src="DSC_7018.jpg"
                    style={
                      Object {
                        "width": "100%",
                      }
                    }
                  />
                </div>
              </div>
            </div>
            <div
              aria-hidden={true}
              className="slick-slide"
              data-index={3}
              onClick={[Function]}
              style={
                Object {
                  "outline": "none",
                  "width": 0,
                }
              }
              tabIndex="-1"
            >
              <div>
                <div
                  style={
                    Object {
                      "display": "inline-block",
                      "width": "100%",
                    }
                  }
                  tabIndex={-1}
                >
                  <img
                    alt="placeholder"
                    src="DSC_7022.jpg"
                    style={
                      Object {
                        "width": "100%",
                      }
                    }
                  />
                </div>
              </div>
            </div>
            <div
              aria-hidden={true}
              className="slick-slide"
              data-index={4}
              onClick={[Function]}
              style={
                Object {
                  "outline": "none",
                  "width": 0,
                }
              }
              tabIndex="-1"
            >
              <div>
                <div
                  style={
                    Object {
                      "display": "inline-block",
                      "width": "100%",
                    }
                  }
                  tabIndex={-1}
                >
                  <img
                    alt="placeholder"
                    src="porkMeal.jpg"
                    style={
                      Object {
                        "width": "100%",
                      }
                    }
                  />
                </div>
              </div>
            </div>
            <div
              aria-hidden={true}
              className="slick-slide"
              data-index={5}
              onClick={[Function]}
              style={
                Object {
                  "outline": "none",
                  "width": 0,
                }
              }
              tabIndex="-1"
            >
              <div>
                <div
                  style={
                    Object {
                      "display": "inline-block",
                      "width": "100%",
                    }
                  }
                  tabIndex={-1}
                >
                  <img
                    alt="placeholder"
                    src="DSC_7011.jpg"
                    style={
                      Object {
                        "width": "100%",
                      }
                    }
                  />
                </div>
              </div>
            </div>
            <div
              aria-hidden={true}
              className="slick-slide slick-cloned"
              data-index={6}
              onClick={[Function]}
              style={
                Object {
                  "width": 0,
                }
              }
              tabIndex="-1"
            >
              <div>
                <div
                  style={
                    Object {
                      "display": "inline-block",
                      "width": "100%",
                    }
                  }
                  tabIndex={-1}
                >
                  <img
                    alt="placeholder"
                    src="o.jpg"
                    style={
                      Object {
                        "width": "100%",
                      }
                    }
                  />
                </div>
              </div>
            </div>
            <div
              aria-hidden={true}
              className="slick-slide slick-cloned"
              data-index={7}
              onClick={[Function]}
              style={
                Object {
                  "width": 0,
                }
              }
              tabIndex="-1"
            >
              <div>
                <div
                  style={
                    Object {
                      "display": "inline-block",
                      "width": "100%",
                    }
                  }
                  tabIndex={-1}
                >
                  <img
                    alt="placeholder"
                    src="DSC_7015.jpg"
                    style={
                      Object {
                        "width": "100%",
                      }
                    }
                  />
                </div>
              </div>
            </div>
            <div
              aria-hidden={true}
              className="slick-slide slick-cloned"
              data-index={8}
              onClick={[Function]}
              style={
                Object {
                  "width": 0,
                }
              }
              tabIndex="-1"
            >
              <div>
                <div
                  style={
                    Object {
                      "display": "inline-block",
                      "width": "100%",
                    }
                  }
                  tabIndex={-1}
                >
                  <img
                    alt="placeholder"
                    src="DSC_7018.jpg"
                    style={
                      Object {
                        "width": "100%",
                      }
                    }
                  />
                </div>
              </div>
            </div>
            <div
              aria-hidden={true}
              className="slick-slide slick-cloned"
              data-index={9}
              onClick={[Function]}
              style={
                Object {
                  "width": 0,
                }
              }
              tabIndex="-1"
            >
              <div>
                <div
                  style={
                    Object {
                      "display": "inline-block",
                      "width": "100%",
                    }
                  }
                  tabIndex={-1}
                >
                  <img
                    alt="placeholder"
                    src="DSC_7022.jpg"
                    style={
                      Object {
                        "width": "100%",
                      }
                    }
                  />
                </div>
              </div>
            </div>
            <div
              aria-hidden={true}
              className="slick-slide slick-cloned"
              data-index={10}
              onClick={[Function]}
              style={
                Object {
                  "width": 0,
                }
              }
              tabIndex="-1"
            >
              <div>
                <div
                  style={
                    Object {
                      "display": "inline-block",
                      "width": "100%",
                    }
                  }
                  tabIndex={-1}
                >
                  <img
                    alt="placeholder"
                    src="porkMeal.jpg"
                    style={
                      Object {
                        "width": "100%",
                      }
                    }
                  />
                </div>
              </div>
            </div>
            <div
              aria-hidden={true}
              className="slick-slide slick-cloned"
              data-index={11}
              onClick={[Function]}
              style={
                Object {
                  "width": 0,
                }
              }
              tabIndex="-1"
            >
              <div>
                <div
                  style={
                    Object {
                      "display": "inline-block",
                      "width": "100%",
                    }
                  }
                  tabIndex={-1}
                >
                  <img
                    alt="placeholder"
                    src="DSC_7011.jpg"
                    style={
                      Object {
                        "width": "100%",
                      }
                    }
                  />
                </div>
              </div>
            </div>
          </div>
        </div>
        <button
          className="slick-arrow slick-next"
          data-role="none"
          onClick={[Function]}
          style={
            Object {
              "display": "block",
            }
          }
          type="button"
        >
           
          Next
        </button>
        <ul
          className="slick-dots"
          onMouseEnter={null}
          onMouseLeave={null}
          onMouseOver={null}
          style={
            Object {
              "display": "block",
            }
          }
        >
          <li
            className="slick-active"
          >
            <button
              onClick={[Function]}
            >
              1
            </button>
          </li>
          <li
            className=""
          >
            <button
              onClick={[Function]}
            >
              2
            </button>
          </li>
          <li
            className=""
          >
            <button
              onClick={[Function]}
            >
              3
            </button>
          </li>
          <li
            className=""
          >
            <button
              onClick={[Function]}
            >
              4
            </button>
          </li>
          <li
            className=""
          >
            <button
              onClick={[Function]}
            >
              5
            </button>
          </li>
          <li
            className=""
          >
            <button
              onClick={[Function]}
            >
              6
            </button>
          </li>
        </ul>
      </div>
    </div>
  </div>
</div>
`;
